2026-06-15 03:53:20,429 - INFO - company_tickers.json already exists. Skipping download.
2026-06-15 03:53:20,429 - INFO - Building Universal Training Table...
2026-06-15 03:53:20,508 - INFO - Filtering complete: Removed 1390 noisy/outlier rows.
2026-06-15 03:53:20,527 - INFO - Universal Training Table complete: 4333 rows.
2026-06-15 03:53:23,155 - INFO - No device provided, using mps
2026-06-15 03:53:23,282 - INFO - HTTP Request: HEAD https://huggingface.co/sentence-transformers/all-MiniLM-L6-v2/resolve/main/modules.json "HTTP/1.1 307 Temporary Redirect"
2026-06-15 03:53:23,282 - WARNING - Warning: You are sending unauthenticated requests to the HF Hub. Please set a HF_TOKEN to enable higher rate limits and faster downloads.
2026-06-15 03:53:23,296 - INFO - HTTP Request: HEAD https://huggingface.co/api/resolve-cache/models/sentence-transformers/all-MiniLM-L6-v2/1110a243fdf4706b3f48f1d95db1a4f5529b4d41/modules.json "HTTP/1.1 200 OK"
2026-06-15 03:53:23,388 - INFO - HTTP Request: HEAD https://huggingface.co/sentence-transformers/all-MiniLM-L6-v2/resolve/main/config_sentence_transformers.json "HTTP/1.1 307 Temporary Redirect"
2026-06-15 03:53:23,403 - INFO - HTTP Request: HEAD https://huggingface.co/api/resolve-cache/models/sentence-transformers/all-MiniLM-L6-v2/1110a243fdf4706b3f48f1d95db1a4f5529b4d41/config_sentence_transformers.json "HTTP/1.1 200 OK"
2026-06-15 03:53:23,403 - INFO - Loading SentenceTransformer model from sentence-transformers/all-MiniLM-L6-v2.
2026-06-15 03:53:23,494 - INFO - HTTP Request: HEAD https://huggingface.co/sentence-transformers/all-MiniLM-L6-v2/resolve/main/config_sentence_transformers.json "HTTP/1.1 307 Temporary Redirect"
2026-06-15 03:53:23,508 - INFO - HTTP Request: HEAD https://huggingface.co/api/resolve-cache/models/sentence-transformers/all-MiniLM-L6-v2/1110a243fdf4706b3f48f1d95db1a4f5529b4d41/config_sentence_transformers.json "HTTP/1.1 200 OK"
2026-06-15 03:53:23,598 - INFO - HTTP Request: HEAD https://huggingface.co/sentence-transformers/all-MiniLM-L6-v2/resolve/main/README.md "HTTP/1.1 307 Temporary Redirect"
2026-06-15 03:53:23,612 - INFO - HTTP Request: HEAD https://huggingface.co/api/resolve-cache/models/sentence-transformers/all-MiniLM-L6-v2/1110a243fdf4706b3f48f1d95db1a4f5529b4d41/README.md "HTTP/1.1 200 OK"
2026-06-15 03:53:23,725 - INFO - HTTP Request: HEAD https://huggingface.co/sentence-transformers/all-MiniLM-L6-v2/resolve/main/modules.json "HTTP/1.1 307 Temporary Redirect"
2026-06-15 03:53:23,738 - INFO - HTTP Request: HEAD https://huggingface.co/api/resolve-cache/models/sentence-transformers/all-MiniLM-L6-v2/1110a243fdf4706b3f48f1d95db1a4f5529b4d41/modules.json "HTTP/1.1 200 OK"
2026-06-15 03:53:23,831 - INFO - HTTP Request: HEAD https://huggingface.co/sentence-transformers/all-MiniLM-L6-v2/resolve/main/sentence_bert_config.json "HTTP/1.1 307 Temporary Redirect"
2026-06-15 03:53:23,844 - INFO - HTTP Request: HEAD https://huggingface.co/api/resolve-cache/models/sentence-transformers/all-MiniLM-L6-v2/1110a243fdf4706b3f48f1d95db1a4f5529b4d41/sentence_bert_config.json "HTTP/1.1 200 OK"
2026-06-15 03:53:23,942 - INFO - HTTP Request: HEAD https://huggingface.co/sentence-transformers/all-MiniLM-L6-v2/resolve/main/adapter_config.json "HTTP/1.1 404 Not Found"
2026-06-15 03:53:24,030 - INFO - HTTP Request: HEAD https://huggingface.co/sentence-transformers/all-MiniLM-L6-v2/resolve/main/config.json "HTTP/1.1 307 Temporary Redirect"
2026-06-15 03:53:24,042 - INFO - HTTP Request: HEAD https://huggingface.co/api/resolve-cache/models/sentence-transformers/all-MiniLM-L6-v2/1110a243fdf4706b3f48f1d95db1a4f5529b4d41/config.json "HTTP/1.1 200 OK"
2026-06-15 03:53:24,220 - INFO - HTTP Request: HEAD https://huggingface.co/sentence-transformers/all-MiniLM-L6-v2/resolve/main/processor_config.json "HTTP/1.1 404 Not Found"
2026-06-15 03:53:24,309 - INFO - HTTP Request: HEAD https://huggingface.co/sentence-transformers/all-MiniLM-L6-v2/resolve/main/preprocessor_config.json "HTTP/1.1 404 Not Found"
2026-06-15 03:53:24,397 - INFO - HTTP Request: HEAD https://huggingface.co/sentence-transformers/all-MiniLM-L6-v2/resolve/main/video_preprocessor_config.json "HTTP/1.1 404 Not Found"
2026-06-15 03:53:24,484 - INFO - HTTP Request: HEAD https://huggingface.co/sentence-transformers/all-MiniLM-L6-v2/resolve/main/preprocessor_config.json "HTTP/1.1 404 Not Found"
2026-06-15 03:53:24,580 - INFO - HTTP Request: HEAD https://huggingface.co/sentence-transformers/all-MiniLM-L6-v2/resolve/main/tokenizer_config.json "HTTP/1.1 307 Temporary Redirect"
2026-06-15 03:53:24,594 - INFO - HTTP Request: HEAD https://huggingface.co/api/resolve-cache/models/sentence-transformers/all-MiniLM-L6-v2/1110a243fdf4706b3f48f1d95db1a4f5529b4d41/tokenizer_config.json "HTTP/1.1 200 OK"
2026-06-15 03:53:24,680 - INFO - HTTP Request: HEAD https://huggingface.co/sentence-transformers/all-MiniLM-L6-v2/resolve/main/config.json "HTTP/1.1 307 Temporary Redirect"
2026-06-15 03:53:24,695 - INFO - HTTP Request: HEAD https://huggingface.co/api/resolve-cache/models/sentence-transformers/all-MiniLM-L6-v2/1110a243fdf4706b3f48f1d95db1a4f5529b4d41/config.json "HTTP/1.1 200 OK"
2026-06-15 03:53:24,782 - INFO - HTTP Request: HEAD https://huggingface.co/sentence-transformers/all-MiniLM-L6-v2/resolve/main/config.json "HTTP/1.1 307 Temporary Redirect"
2026-06-15 03:53:24,802 - INFO - HTTP Request: HEAD https://huggingface.co/api/resolve-cache/models/sentence-transformers/all-MiniLM-L6-v2/1110a243fdf4706b3f48f1d95db1a4f5529b4d41/config.json "HTTP/1.1 200 OK"
2026-06-15 03:53:24,888 - INFO - HTTP Request: HEAD https://huggingface.co/sentence-transformers/all-MiniLM-L6-v2/resolve/main/tokenizer_config.json "HTTP/1.1 307 Temporary Redirect"
2026-06-15 03:53:24,906 - INFO - HTTP Request: HEAD https://huggingface.co/api/resolve-cache/models/sentence-transformers/all-MiniLM-L6-v2/1110a243fdf4706b3f48f1d95db1a4f5529b4d41/tokenizer_config.json "HTTP/1.1 200 OK"
2026-06-15 03:53:24,998 - INFO - HTTP Request: GET https://huggingface.co/api/models/sentence-transformers/all-MiniLM-L6-v2/tree/main/additional_chat_templates?recursive=false&expand=false "HTTP/1.1 404 Not Found"
2026-06-15 03:53:25,091 - INFO - HTTP Request: GET https://huggingface.co/api/models/sentence-transformers/all-MiniLM-L6-v2/tree/main?recursive=true&expand=false "HTTP/1.1 200 OK"
2026-06-15 03:53:25,224 - INFO - HTTP Request: HEAD https://huggingface.co/sentence-transformers/all-MiniLM-L6-v2/resolve/main/1_Pooling/config.json "HTTP/1.1 307 Temporary Redirect"
2026-06-15 03:53:25,239 - INFO - HTTP Request: HEAD https://huggingface.co/api/resolve-cache/models/sentence-transformers/all-MiniLM-L6-v2/1110a243fdf4706b3f48f1d95db1a4f5529b4d41/1_Pooling%2Fconfig.json "HTTP/1.1 200 OK"
2026-06-15 03:53:25,333 - INFO - HTTP Request: GET https://huggingface.co/api/models/sentence-transformers/all-MiniLM-L6-v2 "HTTP/1.1 200 OK"
2026-06-15 03:53:25,633 - INFO - Loading data from /Users/ryanfue/Projects/smartComps/smartComps/data/processed/UNIVERSAL_training.parquet...
2026-06-15 03:53:25,669 - INFO - Generating embeddings for column: business_summary...
2026-06-15 03:53:40,556 - INFO - Generated columns for: business_summary...
2026-06-15 03:53:40,557 - INFO - Successfully appended embeddings.
2026-06-15 03:53:40,558 - INFO - Successfully dropped 3 columns.
2026-06-15 03:53:40,558 - INFO - Saving processed data to /Users/ryanfue/Projects/smartComps/smartComps/data/processed/UNIVERSAL_embedded.parquet...
2026-06-15 03:53:40,626 - INFO - Universal pipeline complete -> /Users/ryanfue/Projects/smartComps/smartComps/data/processed/UNIVERSAL_embedded.parquet
2026-06-15 04:38:13,272 - INFO - Loading embedded data from /Users/ryanfue/Projects/smartComps/smartComps/data/processed/UNIVERSAL_embedded.parquet...
2026-06-15 04:38:13,312 - INFO - Preparing data for modeling...
2026-06-15 04:38:13,313 - INFO - Schema change detected. Rebuilding pipeline...
2026-06-15 04:38:13,339 - INFO - Starting hyperparameter tuning (30 trials)...
2026-06-15 04:38:13,339 - INFO - Starting Optuna optimization (n_trials=30)...
2026-06-15 04:39:34,516 - INFO - Optimization complete. Best score: -0.6714787284533182
2026-06-15 04:39:34,517 - INFO - Retraining model with best hyperparameters...
2026-06-15 04:39:34,517 - INFO - Training model on 3466 samples with 392 features...
2026-06-15 04:39:36,918 - INFO - Pipeline updated and fully trained with best parameters.
2026-06-15 04:39:36,919 - INFO - Evaluating optimized model...
2026-06-15 04:39:36,980 - INFO - Evaluation Metrics: {'r2': 0.8033163310940346, 'mae': 4081639409.7070355, 'mape': 0.4952820198094909, 'mdape': np.float64(0.2831603950069812), 'accuracy_20': np.float64(0.3737024221453287), 'rmsle': 0.5991989542634196}
2026-06-15 04:39:36,980 - INFO - Final Test Metrics: {'r2': 0.8033163310940346, 'mae': 4081639409.7070355, 'mape': 0.4952820198094909, 'mdape': np.float64(0.2831603950069812), 'accuracy_20': np.float64(0.3737024221453287), 'rmsle': 0.5991989542634196}
2026-06-15 04:39:36,980 - INFO - Saving model to /Users/ryanfue/Projects/smartComps/smartComps/models/valuation_pipeline.joblib...
2026-06-15 04:39:36,989 - INFO - Universal Valuation Model applied and saved successfully.
2026-06-15 17:54:50,168 - INFO - No device provided, using mps
2026-06-15 17:54:50,331 - INFO - HTTP Request: HEAD https://huggingface.co/sentence-transformers/all-mpnet-base-v2/resolve/main/modules.json "HTTP/1.1 307 Temporary Redirect"
2026-06-15 17:54:50,346 - INFO - HTTP Request: HEAD https://huggingface.co/api/resolve-cache/models/sentence-transformers/all-mpnet-base-v2/e8c3b32edf5434bc2275fc9bab85f82640a19130/modules.json "HTTP/1.1 200 OK"
2026-06-15 17:54:50,440 - INFO - HTTP Request: HEAD https://huggingface.co/sentence-transformers/all-mpnet-base-v2/resolve/main/config_sentence_transformers.json "HTTP/1.1 307 Temporary Redirect"
2026-06-15 17:54:50,440 - WARNING - Warning: You are sending unauthenticated requests to the HF Hub. Please set a HF_TOKEN to enable higher rate limits and faster downloads.
2026-06-15 17:54:50,454 - INFO - HTTP Request: HEAD https://huggingface.co/api/resolve-cache/models/sentence-transformers/all-mpnet-base-v2/e8c3b32edf5434bc2275fc9bab85f82640a19130/config_sentence_transformers.json "HTTP/1.1 200 OK"
2026-06-15 17:54:50,456 - INFO - Loading SentenceTransformer model from sentence-transformers/all-mpnet-base-v2.
2026-06-15 17:54:50,545 - INFO - HTTP Request: HEAD https://huggingface.co/sentence-transformers/all-mpnet-base-v2/resolve/main/config_sentence_transformers.json "HTTP/1.1 307 Temporary Redirect"
2026-06-15 17:54:50,559 - INFO - HTTP Request: HEAD https://huggingface.co/api/resolve-cache/models/sentence-transformers/all-mpnet-base-v2/e8c3b32edf5434bc2275fc9bab85f82640a19130/config_sentence_transformers.json "HTTP/1.1 200 OK"
2026-06-15 17:54:50,646 - INFO - HTTP Request: HEAD https://huggingface.co/sentence-transformers/all-mpnet-base-v2/resolve/main/README.md "HTTP/1.1 307 Temporary Redirect"
2026-06-15 17:54:50,661 - INFO - HTTP Request: HEAD https://huggingface.co/api/resolve-cache/models/sentence-transformers/all-mpnet-base-v2/e8c3b32edf5434bc2275fc9bab85f82640a19130/README.md "HTTP/1.1 200 OK"
2026-06-15 17:54:50,755 - INFO - HTTP Request: HEAD https://huggingface.co/sentence-transformers/all-mpnet-base-v2/resolve/main/modules.json "HTTP/1.1 307 Temporary Redirect"
2026-06-15 17:54:50,772 - INFO - HTTP Request: HEAD https://huggingface.co/api/resolve-cache/models/sentence-transformers/all-mpnet-base-v2/e8c3b32edf5434bc2275fc9bab85f82640a19130/modules.json "HTTP/1.1 200 OK"
2026-06-15 17:54:50,860 - INFO - HTTP Request: HEAD https://huggingface.co/sentence-transformers/all-mpnet-base-v2/resolve/main/sentence_bert_config.json "HTTP/1.1 307 Temporary Redirect"
2026-06-15 17:54:50,876 - INFO - HTTP Request: HEAD https://huggingface.co/api/resolve-cache/models/sentence-transformers/all-mpnet-base-v2/e8c3b32edf5434bc2275fc9bab85f82640a19130/sentence_bert_config.json "HTTP/1.1 200 OK"
2026-06-15 17:54:50,964 - INFO - HTTP Request: HEAD https://huggingface.co/sentence-transformers/all-mpnet-base-v2/resolve/main/adapter_config.json "HTTP/1.1 404 Not Found"
2026-06-15 17:54:51,056 - INFO - HTTP Request: HEAD https://huggingface.co/sentence-transformers/all-mpnet-base-v2/resolve/main/config.json "HTTP/1.1 307 Temporary Redirect"
2026-06-15 17:54:51,073 - INFO - HTTP Request: HEAD https://huggingface.co/api/resolve-cache/models/sentence-transformers/all-mpnet-base-v2/e8c3b32edf5434bc2275fc9bab85f82640a19130/config.json "HTTP/1.1 200 OK"
2026-06-15 17:54:51,263 - INFO - HTTP Request: HEAD https://huggingface.co/sentence-transformers/all-mpnet-base-v2/resolve/main/processor_config.json "HTTP/1.1 404 Not Found"
2026-06-15 17:54:51,360 - INFO - HTTP Request: HEAD https://huggingface.co/sentence-transformers/all-mpnet-base-v2/resolve/main/preprocessor_config.json "HTTP/1.1 404 Not Found"
2026-06-15 17:54:51,458 - INFO - HTTP Request: HEAD https://huggingface.co/sentence-transformers/all-mpnet-base-v2/resolve/main/video_preprocessor_config.json "HTTP/1.1 404 Not Found"
2026-06-15 17:54:51,549 - INFO - HTTP Request: HEAD https://huggingface.co/sentence-transformers/all-mpnet-base-v2/resolve/main/preprocessor_config.json "HTTP/1.1 404 Not Found"
2026-06-15 17:54:51,639 - INFO - HTTP Request: HEAD https://huggingface.co/sentence-transformers/all-mpnet-base-v2/resolve/main/tokenizer_config.json "HTTP/1.1 307 Temporary Redirect"
2026-06-15 17:54:51,653 - INFO - HTTP Request: HEAD https://huggingface.co/api/resolve-cache/models/sentence-transformers/all-mpnet-base-v2/e8c3b32edf5434bc2275fc9bab85f82640a19130/tokenizer_config.json "HTTP/1.1 200 OK"
2026-06-15 17:54:51,746 - INFO - HTTP Request: HEAD https://huggingface.co/sentence-transformers/all-mpnet-base-v2/resolve/main/config.json "HTTP/1.1 307 Temporary Redirect"
2026-06-15 17:54:51,761 - INFO - HTTP Request: HEAD https://huggingface.co/api/resolve-cache/models/sentence-transformers/all-mpnet-base-v2/e8c3b32edf5434bc2275fc9bab85f82640a19130/config.json "HTTP/1.1 200 OK"
2026-06-15 17:54:51,853 - INFO - HTTP Request: HEAD https://huggingface.co/sentence-transformers/all-mpnet-base-v2/resolve/main/config.json "HTTP/1.1 307 Temporary Redirect"
2026-06-15 17:54:51,868 - INFO - HTTP Request: HEAD https://huggingface.co/api/resolve-cache/models/sentence-transformers/all-mpnet-base-v2/e8c3b32edf5434bc2275fc9bab85f82640a19130/config.json "HTTP/1.1 200 OK"
2026-06-15 17:54:52,023 - INFO - HTTP Request: HEAD https://huggingface.co/sentence-transformers/all-mpnet-base-v2/resolve/main/tokenizer_config.json "HTTP/1.1 307 Temporary Redirect"
2026-06-15 17:54:52,036 - INFO - HTTP Request: HEAD https://huggingface.co/api/resolve-cache/models/sentence-transformers/all-mpnet-base-v2/e8c3b32edf5434bc2275fc9bab85f82640a19130/tokenizer_config.json "HTTP/1.1 200 OK"
2026-06-15 17:54:52,129 - INFO - HTTP Request: GET https://huggingface.co/api/models/sentence-transformers/all-mpnet-base-v2/tree/main/additional_chat_templates?recursive=false&expand=false "HTTP/1.1 404 Not Found"
2026-06-15 17:54:52,224 - INFO - HTTP Request: GET https://huggingface.co/api/models/sentence-transformers/all-mpnet-base-v2/tree/main?recursive=true&expand=false "HTTP/1.1 200 OK"
2026-06-15 17:54:52,352 - INFO - HTTP Request: HEAD https://huggingface.co/sentence-transformers/all-mpnet-base-v2/resolve/main/1_Pooling/config.json "HTTP/1.1 307 Temporary Redirect"
2026-06-15 17:54:52,365 - INFO - HTTP Request: HEAD https://huggingface.co/api/resolve-cache/models/sentence-transformers/all-mpnet-base-v2/e8c3b32edf5434bc2275fc9bab85f82640a19130/1_Pooling%2Fconfig.json "HTTP/1.1 200 OK"
2026-06-15 17:54:52,466 - INFO - HTTP Request: GET https://huggingface.co/api/models/sentence-transformers/all-mpnet-base-v2 "HTTP/1.1 200 OK"
2026-06-15 17:54:53,199 - INFO - Loading data from /Users/ryanfue/Projects/smartComps/smartComps/data/processed/UNIVERSAL_training.parquet...
2026-06-15 17:54:53,232 - INFO - Generating embeddings for column: business_summary...
2026-06-15 17:56:24,738 - INFO - Generated columns for: business_summary...
2026-06-15 17:56:24,765 - INFO - Successfully appended embeddings.
2026-06-15 17:56:24,774 - INFO - Successfully dropped 3 columns.
2026-06-15 17:56:24,774 - INFO - Saving processed data to /Users/ryanfue/Projects/smartComps/smartComps/data/processed/UNIVERSAL_embedded.parquet...
2026-06-15 17:56:24,945 - INFO - Universal pipeline complete -> /Users/ryanfue/Projects/smartComps/smartComps/data/processed/UNIVERSAL_embedded.parquet
2026-06-15 18:00:31,022 - INFO - Loading embedded data from /Users/ryanfue/Projects/smartComps/smartComps/data/processed/UNIVERSAL_embedded.parquet...
2026-06-15 18:00:31,121 - INFO - Preparing data for modeling...
2026-06-15 18:00:31,123 - INFO - Schema change detected. Rebuilding pipeline...
2026-06-15 18:00:31,191 - INFO - Starting hyperparameter tuning (30 trials)...
2026-06-15 18:00:31,191 - INFO - Starting Optuna optimization (n_trials=30)...
2026-06-15 18:01:54,046 - INFO - Optimization complete. Best score: -0.6670437057813009
2026-06-15 18:01:54,048 - INFO - Retraining model with best hyperparameters...
2026-06-15 18:01:54,048 - INFO - Training model on 3466 samples with 776 features...
2026-06-15 18:01:55,046 - INFO - Pipeline updated and fully trained with best parameters.
2026-06-15 18:01:55,046 - INFO - Evaluating optimized model...
2026-06-15 18:01:55,079 - INFO - Evaluation Metrics: {'r2': 0.7980412250835942, 'mae': 4179260080.5905423, 'mape': 0.4803803435874455, 'mdape': np.float64(0.29395072659544824), 'accuracy_20': np.float64(0.3621683967704729), 'rmsle': 0.5829420638208087}
2026-06-15 18:01:55,079 - INFO - Final Test Metrics: {'r2': 0.7980412250835942, 'mae': 4179260080.5905423, 'mape': 0.4803803435874455, 'mdape': np.float64(0.29395072659544824), 'accuracy_20': np.float64(0.3621683967704729), 'rmsle': 0.5829420638208087}
2026-06-15 18:01:55,079 - INFO - Saving model to /Users/ryanfue/Projects/smartComps/smartComps/models/valuation_pipeline.joblib...
2026-06-15 18:01:55,086 - INFO - Universal Valuation Model applied and saved successfully.
